

================================================================
== Vivado HLS Report for 'yuv_filter_yuv2rgb'
================================================================
* Date:           Fri Jun 10 18:37:25 2016

* Version:        2016.1 (Build 1538259 on Fri Apr 08 16:12:49 MDT 2016)
* Project:        yuv_filter_prj
* Solution:       solution2
* Product family: zynq
* Target device:  xc7z020clg484-1


================================================================
== Performance Estimates
================================================================
+ Timing (ns): 
    * Summary: 
    +--------+-------+----------+------------+
    |  Clock | Target| Estimated| Uncertainty|
    +--------+-------+----------+------------+
    |ap_clk  |  10.00|     11.19|        1.25|
    +--------+-------+----------+------------+

+ Latency (clock cycles): 
    * Summary: 
    +-------+---------+-------+---------+---------+
    |     Latency     |     Interval    | Pipeline|
    |  min  |   max   |  min  |   max   |   Type  |
    +-------+---------+-------+---------+---------+
    |  40009|  2457609|  40009|  2457609|   none  |
    +-------+---------+-------+---------+---------+

    + Detail: 
        * Instance: 
        N/A

        * Loop: 
        +---------------------------------+-------+---------+----------+-----------+-----------+-----------------+----------+
        |                                 |     Latency     | Iteration|  Initiation Interval  |       Trip      |          |
        |            Loop Name            |  min  |   max   |  Latency |  achieved |   target  |      Count      | Pipelined|
        +---------------------------------+-------+---------+----------+-----------+-----------+-----------------+----------+
        |- YUV2RGB_LOOP_X_YUV2RGB_LOOP_Y  |  40007|  2457607|         9|          1|          1| 40000 ~ 2457600 |    yes   |
        +---------------------------------+-------+---------+----------+-----------+-----------+-----------------+----------+



================================================================
== Utilization Estimates
================================================================
* Summary: 
+-----------------+---------+-------+--------+-------+
|       Name      | BRAM_18K| DSP48E|   FF   |  LUT  |
+-----------------+---------+-------+--------+-------+
|DSP              |        -|      4|       -|      -|
|Expression       |        -|      1|       0|    248|
|FIFO             |        -|      -|       -|      -|
|Instance         |        -|      -|       -|      -|
|Memory           |        -|      -|       -|      -|
|Multiplexer      |        -|      -|       -|     82|
|Register         |        -|      -|     262|     24|
+-----------------+---------+-------+--------+-------+
|Total            |        0|      5|     262|    354|
+-----------------+---------+-------+--------+-------+
|Available        |      280|    220|  106400|  53200|
+-----------------+---------+-------+--------+-------+
|Utilization (%)  |        0|      2|   ~0   |   ~0  |
+-----------------+---------+-------+--------+-------+

+ Detail: 
    * Instance: 
    N/A

    * DSP48: 
    +---------------------------------------------------+-----------------------------------------------+---------------------+
    |                      Instance                     |                     Module                    |      Expression     |
    +---------------------------------------------------+-----------------------------------------------+---------------------+
    |yuv_filter_ama_addmuladd_5s_8ns_10ns_9ns_18_1_U14  |yuv_filter_ama_addmuladd_5s_8ns_10ns_9ns_18_1  | i0 + i1 * (i2 + i3) |
    |yuv_filter_mac_muladd_10ns_8s_18s_18_1_U15         |yuv_filter_mac_muladd_10ns_8s_18s_18_1         |     i0 * i1 + i2    |
    |yuv_filter_mac_muladd_8s_8s_17ns_17_1_U13          |yuv_filter_mac_muladd_8s_8s_17ns_17_1          |     i0 + i1 * i2    |
    |yuv_filter_mul_mul_16ns_16ns_32_1_U12              |yuv_filter_mul_mul_16ns_16ns_32_1              |       i0 * i1       |
    +---------------------------------------------------+-----------------------------------------------+---------------------+

    * Memory: 
    N/A

    * FIFO: 
    N/A

    * Expression: 
    +-------------------------------+----------+-------+---+----+------------+------------+
    |         Variable Name         | Operation| DSP48E| FF| LUT| Bitwidth P0| Bitwidth P1|
    +-------------------------------+----------+-------+---+----+------------+------------+
    |tmp_12_fu_344_p2               |     *    |      1|  0|   0|           9|           8|
    |indvar_flatten_next_fu_242_p2  |     +    |      0|  0|  32|          32|           1|
    |tmp2_fu_495_p2                 |     +    |      0|  0|  18|          18|          18|
    |tmp_13_fu_412_p2               |     +    |      0|  0|  18|          18|          18|
    |tmp_17_fu_504_p2               |     +    |      0|  0|  19|          19|          19|
    |tmp_1_fu_309_p2                |     +    |      0|  0|  11|          23|          23|
    |tmp_s_fu_299_p2                |     +    |      0|  0|  11|          23|          23|
    |x_1_fu_248_p2                  |     +    |      0|  0|  16|           1|          16|
    |y_1_fu_315_p2                  |     +    |      0|  0|  16|           1|          16|
    |exitcond5_fu_254_p2            |   icmp   |      0|  0|   6|          16|          16|
    |exitcond_flatten_fu_237_p2     |   icmp   |      0|  0|  11|          32|          32|
    |icmp1_fu_427_p2                |   icmp   |      0|  0|   1|           2|           1|
    |icmp2_fu_520_p2                |   icmp   |      0|  0|   2|           3|           1|
    |icmp_fu_362_p2                 |   icmp   |      0|  0|   1|           2|           1|
    |tmp_10_fu_392_p2               |    or    |      0|  0|   1|           1|           1|
    |tmp_16_fu_459_p2               |    or    |      0|  0|   1|           1|           1|
    |tmp_20_fu_552_p2               |    or    |      0|  0|   1|           1|           1|
    |B_fu_558_p3                    |  select  |      0|  0|   8|           1|           8|
    |G_fu_465_p3                    |  select  |      0|  0|   8|           1|           8|
    |R_fu_398_p3                    |  select  |      0|  0|   8|           1|           8|
    |p_phitmp2_fu_451_p3            |  select  |      0|  0|   2|           1|           2|
    |p_phitmp3_fu_544_p3            |  select  |      0|  0|   2|           1|           2|
    |p_phitmp_fu_384_p3             |  select  |      0|  0|   2|           1|           2|
    |tmp_mid2_v_fu_267_p3           |  select  |      0|  0|  16|           1|          16|
    |y_mid2_fu_259_p3               |  select  |      0|  0|  16|           1|           1|
    |D_fu_329_p2                    |    xor   |      0|  0|  10|           8|           9|
    |E_fu_335_p2                    |    xor   |      0|  0|  10|           8|           9|
    +-------------------------------+----------+-------+---+----+------------+------------+
    |Total                          |          |      1|  0| 248|         226|         261|
    +-------------------------------+----------+-------+---+----+------------+------------+

    * Multiplexer: 
    +------------------------+----+-----------+-----+-----------+
    |          Name          | LUT| Input Size| Bits| Total Bits|
    +------------------------+----+-----------+-----+-----------+
    |ap_NS_fsm               |   1|          4|    1|          4|
    |ap_reg_ppiten_pp0_it8   |   1|          2|    1|          2|
    |indvar_flatten_reg_196  |  32|          2|   32|         64|
    |x_phi_fu_211_p4         |  16|          2|   16|         32|
    |x_reg_207               |  16|          2|   16|         32|
    |y_reg_218               |  16|          2|   16|         32|
    +------------------------+----+-----------+-----+-----------+
    |Total                   |  82|         14|   82|        166|
    +------------------------+----+-----------+-----+-----------+

    * Register: 
    +--------------------------+----+----+-----+-----------+
    |           Name           | FF | LUT| Bits| Const Bits|
    +--------------------------+----+----+-----+-----------+
    |B_reg_717                 |   8|   0|    8|          0|
    |D_reg_683                 |   8|   0|    8|          0|
    |E_reg_690                 |   8|   0|    8|          0|
    |G_reg_712                 |   8|   0|    8|          0|
    |R_reg_707                 |   8|   0|    8|          0|
    |V_reg_678                 |   8|   0|    8|          0|
    |Y_reg_673                 |   8|   0|    8|          0|
    |ap_CS_fsm                 |   3|   0|    3|          0|
    |ap_reg_ppiten_pp0_it0     |   1|   0|    1|          0|
    |ap_reg_ppiten_pp0_it1     |   1|   0|    1|          0|
    |ap_reg_ppiten_pp0_it2     |   1|   0|    1|          0|
    |ap_reg_ppiten_pp0_it3     |   1|   0|    1|          0|
    |ap_reg_ppiten_pp0_it4     |   1|   0|    1|          0|
    |ap_reg_ppiten_pp0_it5     |   1|   0|    1|          0|
    |ap_reg_ppiten_pp0_it6     |   1|   0|    1|          0|
    |ap_reg_ppiten_pp0_it7     |   1|   0|    1|          0|
    |ap_reg_ppiten_pp0_it8     |   1|   0|    1|          0|
    |bound_reg_621             |  32|   0|   32|          0|
    |exitcond_flatten_reg_626  |   1|   0|    1|          0|
    |indvar_flatten_reg_196    |  32|   0|   32|          0|
    |tmp_12_reg_702            |  17|   0|   17|          0|
    |tmp_1_reg_640             |  23|   0|   23|          0|
    |tmp_21_cast_reg_650       |  23|   0|   64|         41|
    |tmp_3_reg_695             |  18|   0|   18|          0|
    |tmp_mid2_v_reg_635        |  16|   0|   16|          0|
    |x_reg_207                 |  16|   0|   16|          0|
    |y_reg_218                 |  16|   0|   16|          0|
    |exitcond_flatten_reg_626  |   0|   1|    1|          0|
    |tmp_21_cast_reg_650       |   0|  23|   64|         41|
    +--------------------------+----+----+-----+-----------+
    |Total                     | 262|  24|  368|         82|
    +--------------------------+----+----+-----+-----------+



================================================================
== Interface
================================================================
* Summary: 
+---------------------------+-----+-----+------------+--------------------+--------------+
|         RTL Ports         | Dir | Bits|  Protocol  |    Source Object   |    C Type    |
+---------------------------+-----+-----+------------+--------------------+--------------+
|ap_clk                     |  in |    1| ap_ctrl_hs | yuv_filter_yuv2rgb | return value |
|ap_rst                     |  in |    1| ap_ctrl_hs | yuv_filter_yuv2rgb | return value |
|ap_start                   |  in |    1| ap_ctrl_hs | yuv_filter_yuv2rgb | return value |
|ap_done                    | out |    1| ap_ctrl_hs | yuv_filter_yuv2rgb | return value |
|ap_idle                    | out |    1| ap_ctrl_hs | yuv_filter_yuv2rgb | return value |
|ap_ready                   | out |    1| ap_ctrl_hs | yuv_filter_yuv2rgb | return value |
|ap_return_0                | out |   16| ap_ctrl_hs | yuv_filter_yuv2rgb | return value |
|ap_return_1                | out |   16| ap_ctrl_hs | yuv_filter_yuv2rgb | return value |
|in_channels_ch1_address0   | out |   22|  ap_memory |   in_channels_ch1  |     array    |
|in_channels_ch1_ce0        | out |    1|  ap_memory |   in_channels_ch1  |     array    |
|in_channels_ch1_q0         |  in |    8|  ap_memory |   in_channels_ch1  |     array    |
|in_channels_ch2_address0   | out |   22|  ap_memory |   in_channels_ch2  |     array    |
|in_channels_ch2_ce0        | out |    1|  ap_memory |   in_channels_ch2  |     array    |
|in_channels_ch2_q0         |  in |    8|  ap_memory |   in_channels_ch2  |     array    |
|in_channels_ch3_address0   | out |   22|  ap_memory |   in_channels_ch3  |     array    |
|in_channels_ch3_ce0        | out |    1|  ap_memory |   in_channels_ch3  |     array    |
|in_channels_ch3_q0         |  in |    8|  ap_memory |   in_channels_ch3  |     array    |
|out_width                  |  in |   16|   ap_none  |      out_width     |    scalar    |
|out_height                 |  in |   16|   ap_none  |     out_height     |    scalar    |
|out_channels_ch1_address0  | out |   22|  ap_memory |  out_channels_ch1  |     array    |
|out_channels_ch1_ce0       | out |    1|  ap_memory |  out_channels_ch1  |     array    |
|out_channels_ch1_we0       | out |    1|  ap_memory |  out_channels_ch1  |     array    |
|out_channels_ch1_d0        | out |    8|  ap_memory |  out_channels_ch1  |     array    |
|out_channels_ch2_address0  | out |   22|  ap_memory |  out_channels_ch2  |     array    |
|out_channels_ch2_ce0       | out |    1|  ap_memory |  out_channels_ch2  |     array    |
|out_channels_ch2_we0       | out |    1|  ap_memory |  out_channels_ch2  |     array    |
|out_channels_ch2_d0        | out |    8|  ap_memory |  out_channels_ch2  |     array    |
|out_channels_ch3_address0  | out |   22|  ap_memory |  out_channels_ch3  |     array    |
|out_channels_ch3_ce0       | out |    1|  ap_memory |  out_channels_ch3  |     array    |
|out_channels_ch3_we0       | out |    1|  ap_memory |  out_channels_ch3  |     array    |
|out_channels_ch3_d0        | out |    8|  ap_memory |  out_channels_ch3  |     array    |
+---------------------------+-----+-----+------------+--------------------+--------------+

